[debug] [2026-08-06T07:24:11.452Z] ----------------------------------------------------------------------
[debug] [2026-08-06T07:24:11.455Z] Command:       C:\Program Files\nodejs\node.exe C:\Users\HILMI\AppData\Roaming\npm\node_modules\firebase-tools\lib\bin\firebase.js init hosting
[debug] [2026-08-06T07:24:11.456Z] CLI Version:   15.26.0
[debug] [2026-08-06T07:24:11.456Z] Platform:      win32
[debug] [2026-08-06T07:24:11.456Z] Node Version:  v20.10.0
[debug] [2026-08-06T07:24:11.457Z] Detected Agent: unknown
[debug] [2026-08-06T07:24:11.457Z] Time:          Thu Aug 06 2026 14:24:11 GMT+0700 (Western Indonesia Time)
[debug] [2026-08-06T07:24:11.457Z] ----------------------------------------------------------------------
[debug] 
[debug] [2026-08-06T07:24:11.512Z] >>> [apiv2][query] GET https://firebase-public.firebaseio.com/cli.json [none]
[info] 
     ######## #### ########  ######## ########     ###     ######  ########
     ##        ##  ##     ## ##       ##     ##  ##   ##  ##       ##
     ######    ##  ########  ######   ########  #########  ######  ######
     ##        ##  ##    ##  ##       ##     ## ##     ##       ## ##
     ##       #### ##     ## ######## ########  ##     ##  ######  ########

You're about to initialize a Firebase project in this directory:

  D:\Code\Absensi Guru\online-attendance

[debug] [2026-08-06T07:24:19.389Z] <<< [apiv2][status] GET https://firebase-public.firebaseio.com/cli.json 200
[debug] [2026-08-06T07:24:19.403Z] <<< [apiv2][body] GET https://firebase-public.firebaseio.com/cli.json {"cloudBuildErrorAfter":1594252800000,"cloudBuildWarnAfter":1590019200000,"defaultNode10After":1594252800000,"minVersion":"3.0.5","node8DeploysDisabledAfter":1613390400000,"node8RuntimeDisabledAfter":1615809600000,"node8WarnAfter":1600128000000}
[info] 
=== Project Setup
[info] 
[info] First, let's associate this project directory with a Firebase project.
[info] You can create multiple project aliases by running firebase use --add, 
[info] 
[debug] [2026-08-06T07:25:03.501Z] > command requires scopes: ["email","openid","https://www.googleapis.com/auth/cloudplatformprojects.readonly","https://www.googleapis.com/auth/firebase","https://www.googleapis.com/auth/cloud-platform"]
[debug] [2026-08-06T07:25:03.502Z] > authorizing via signed-in user (hlmhdrali24@gmail.com)
[debug] [2026-08-06T07:25:03.506Z] Checked if tokens are valid: false, expires at: 1762366101505
[debug] [2026-08-06T07:25:03.507Z] Checked if tokens are valid: false, expires at: 1762366101505
[debug] [2026-08-06T07:25:03.508Z] > refreshing access token with scopes: []
[debug] [2026-08-06T07:25:03.514Z] >>> [apiv2][query] POST https://www.googleapis.com/oauth2/v3/token [none]
[debug] [2026-08-06T07:25:03.514Z] >>> [apiv2][body] POST https://www.googleapis.com/oauth2/v3/token [omitted]
[debug] [2026-08-06T07:25:03.690Z] <<< [apiv2][status] POST https://www.googleapis.com/oauth2/v3/token 400
[debug] [2026-08-06T07:25:03.690Z] <<< [apiv2][body] POST https://www.googleapis.com/oauth2/v3/token [omitted]
[debug] [2026-08-06T07:25:03.694Z] >>> [apiv2][query] GET https://firebase.googleapis.com/v1beta1/projects pageSize=100
[debug] [2026-08-06T07:25:04.815Z] <<< [apiv2][status] GET https://firebase.googleapis.com/v1beta1/projects 401
[debug] [2026-08-06T07:25:04.816Z] <<< [apiv2][body] GET https://firebase.googleapis.com/v1beta1/projects [omitted]
[debug] [2026-08-06T07:25:04.816Z] Got a 401 Unauthenticated error for a call that required authentication. Refreshing tokens.
[debug] [2026-08-06T07:25:04.817Z] Checked if tokens are valid: false, expires at: 1762366101505
[debug] [2026-08-06T07:25:04.817Z] Checked if tokens are valid: false, expires at: 1762366101505
[debug] [2026-08-06T07:25:04.817Z] > refreshing access token with scopes: []
[debug] [2026-08-06T07:25:04.819Z] >>> [apiv2][query] POST https://www.googleapis.com/oauth2/v3/token [none]
[debug] [2026-08-06T07:25:04.820Z] >>> [apiv2][body] POST https://www.googleapis.com/oauth2/v3/token [omitted]
[debug] [2026-08-06T07:25:04.899Z] <<< [apiv2][status] POST https://www.googleapis.com/oauth2/v3/token 400
[debug] [2026-08-06T07:25:04.899Z] <<< [apiv2][body] POST https://www.googleapis.com/oauth2/v3/token [omitted]
[debug] [2026-08-06T07:25:04.901Z] Request to https://firebase.googleapis.com/v1beta1/projects?pageSize=100 had HTTP Error: 401, Request had invalid authentication credentials. Expected OAuth 2 access token, login cookie or other valid authentication credential. See https://developers.google.com/identity/sign-in/web/devconsole-project.
[debug] [2026-08-06T07:25:05.056Z] FirebaseError: Request to https://firebase.googleapis.com/v1beta1/projects?pageSize=100 had HTTP Error: 401, Request had invalid authentication credentials. Expected OAuth 2 access token, login cookie or other valid authentication credential. See https://developers.google.com/identity/sign-in/web/devconsole-project.
    at responseToError (C:\Users\HILMI\AppData\Roaming\npm\node_modules\firebase-tools\lib\responseToError.js:53:12)
    at RetryOperation._fn (C:\Users\HILMI\AppData\Roaming\npm\node_modules\firebase-tools\lib\apiv2.js:415:77)
    at process.processTicksAndRejections (node:internal/process/task_queues:95:5)
[error] 
[error] Error: Failed to list Firebase projects. See firebase-debug.log for more info.
[debug] [2026-08-06T07:25:28.645Z] ----------------------------------------------------------------------
[debug] [2026-08-06T07:25:28.650Z] Command:       C:\Program Files\nodejs\node.exe C:\Users\HILMI\AppData\Roaming\npm\node_modules\firebase-tools\lib\bin\firebase.js init hosting
[debug] [2026-08-06T07:25:28.651Z] CLI Version:   15.26.0
[debug] [2026-08-06T07:25:28.651Z] Platform:      win32
[debug] [2026-08-06T07:25:28.651Z] Node Version:  v20.10.0
[debug] [2026-08-06T07:25:28.652Z] Detected Agent: unknown
[debug] [2026-08-06T07:25:28.652Z] Time:          Thu Aug 06 2026 14:25:28 GMT+0700 (Western Indonesia Time)
[debug] [2026-08-06T07:25:28.652Z] ----------------------------------------------------------------------
[debug] 
[info] 
     ######## #### ########  ######## ########     ###     ######  ########
     ##        ##  ##     ## ##       ##     ##  ##   ##  ##       ##
     ######    ##  ########  ######   ########  #########  ######  ######
     ##        ##  ##    ##  ##       ##     ## ##     ##       ## ##
     ##       #### ##     ## ######## ########  ##     ##  ######  ########

You're about to initialize a Firebase project in this directory:

  D:\Code\Absensi Guru\online-attendance

[info] 
=== Project Setup
[info] 
[info] First, let's associate this project directory with a Firebase project.
[info] You can create multiple project aliases by running firebase use --add, 
[info] 
[debug] [2026-08-06T07:25:43.060Z] > command requires scopes: ["email","openid","https://www.googleapis.com/auth/cloudplatformprojects.readonly","https://www.googleapis.com/auth/firebase","https://www.googleapis.com/auth/cloud-platform"]
[debug] [2026-08-06T07:25:43.061Z] > authorizing via signed-in user (hlmhdrali24@gmail.com)
[debug] [2026-08-06T07:25:43.064Z] Checked if tokens are valid: false, expires at: 1762366101505
[debug] [2026-08-06T07:25:43.064Z] Checked if tokens are valid: false, expires at: 1762366101505
[debug] [2026-08-06T07:25:43.065Z] > refreshing access token with scopes: []
[debug] [2026-08-06T07:25:43.072Z] >>> [apiv2][query] POST https://www.googleapis.com/oauth2/v3/token [none]
[debug] [2026-08-06T07:25:43.072Z] >>> [apiv2][body] POST https://www.googleapis.com/oauth2/v3/token [omitted]
[debug] [2026-08-06T07:25:43.984Z] <<< [apiv2][status] POST https://www.googleapis.com/oauth2/v3/token 400
[debug] [2026-08-06T07:25:43.985Z] <<< [apiv2][body] POST https://www.googleapis.com/oauth2/v3/token [omitted]
[debug] [2026-08-06T07:25:43.986Z] >>> [apiv2][query] GET https://firebase.googleapis.com/v1beta1/availableProjects pageSize=100
[debug] [2026-08-06T07:25:44.229Z] <<< [apiv2][status] GET https://firebase.googleapis.com/v1beta1/availableProjects 401
[debug] [2026-08-06T07:25:44.231Z] <<< [apiv2][body] GET https://firebase.googleapis.com/v1beta1/availableProjects [omitted]
[debug] [2026-08-06T07:25:44.231Z] Got a 401 Unauthenticated error for a call that required authentication. Refreshing tokens.
[debug] [2026-08-06T07:25:44.232Z] Checked if tokens are valid: false, expires at: 1762366101505
[debug] [2026-08-06T07:25:44.232Z] Checked if tokens are valid: false, expires at: 1762366101505
[debug] [2026-08-06T07:25:44.233Z] > refreshing access token with scopes: []
[debug] [2026-08-06T07:25:44.238Z] >>> [apiv2][query] POST https://www.googleapis.com/oauth2/v3/token [none]
[debug] [2026-08-06T07:25:44.239Z] >>> [apiv2][body] POST https://www.googleapis.com/oauth2/v3/token [omitted]
[debug] [2026-08-06T07:25:44.361Z] <<< [apiv2][status] POST https://www.googleapis.com/oauth2/v3/token 400
[debug] [2026-08-06T07:25:44.361Z] <<< [apiv2][body] POST https://www.googleapis.com/oauth2/v3/token [omitted]
[debug] [2026-08-06T07:25:44.367Z] Request to https://firebase.googleapis.com/v1beta1/availableProjects?pageSize=100 had HTTP Error: 401, Request had invalid authentication credentials. Expected OAuth 2 access token, login cookie or other valid authentication credential. See https://developers.google.com/identity/sign-in/web/devconsole-project.
[debug] [2026-08-06T07:25:44.603Z] FirebaseError: Request to https://firebase.googleapis.com/v1beta1/availableProjects?pageSize=100 had HTTP Error: 401, Request had invalid authentication credentials. Expected OAuth 2 access token, login cookie or other valid authentication credential. See https://developers.google.com/identity/sign-in/web/devconsole-project.
    at responseToError (C:\Users\HILMI\AppData\Roaming\npm\node_modules\firebase-tools\lib\responseToError.js:53:12)
    at RetryOperation._fn (C:\Users\HILMI\AppData\Roaming\npm\node_modules\firebase-tools\lib\apiv2.js:415:77)
    at process.processTicksAndRejections (node:internal/process/task_queues:95:5)
[error] 
[error] Error: Failed to list available Google Cloud Platform projects. See firebase-debug.log for more info.
